../Core/Src/main.c:73:6:Motor_Init	8	static
../Core/Src/main.c:115:6:Motor_SetSpeed2	32	static
../Core/Src/main.c:137:6:Motor_Move	16	static
../Core/Src/main.c:153:6:Motor_Stop	8	static
../Core/Src/main.c:158:6:Servo_Init	8	static
../Core/Src/main.c:168:6:Servo_SetAngle	32	static
../Core/Src/main.c:195:5:main	16	static
../Core/Src/main.c:401:6:SystemClock_Config	120	static
../Core/Src/main.c:460:13:MX_TIM13_Init	40	static
../Core/Src/main.c:506:13:MX_TIM14_Init	40	static
../Core/Src/main.c:552:13:MX_USART3_UART_Init	8	static
../Core/Src/main.c:600:13:MX_GPIO_Init	56	static
../Core/Src/main.c:676:6:Error_Handler	4	static,ignoring_inline_asm
