../Core/Src/main.c:89:6:Motor_Init	8	static
../Core/Src/main.c:98:6:Motor_SetSpeed2	32	static
../Core/Src/main.c:120:6:Motor_Move	24	static
../Core/Src/main.c:144:6:Motor_Stop	8	static
../Core/Src/main.c:149:6:ExecuteMovement	16	static
../Core/Src/main.c:171:6:Servo_Init	8	static
../Core/Src/main.c:181:6:Servo_SetAngle	32	static
../Core/Src/main.c:204:6:routine1	80	static
../Core/Src/main.c:228:5:main	16	static
../Core/Src/main.c:435:6:SystemClock_Config	120	static
../Core/Src/main.c:494:13:MX_TIM13_Init	40	static
../Core/Src/main.c:540:13:MX_TIM14_Init	40	static
../Core/Src/main.c:586:13:MX_USART3_UART_Init	8	static
../Core/Src/main.c:634:13:MX_GPIO_Init	56	static
../Core/Src/main.c:710:6:Error_Handler	4	static,ignoring_inline_asm
