20:33:48 **** Incremental Build of configuration Debug for project stm32H7_ESC_CM7 ****
make -j12 all 
arm-none-eabi-gcc "../Core/Src/main.c" -mcpu=cortex-m7 -std=gnu11 -g3 -DDEBUG -DCORE_CM7 -DUSE_HAL_DRIVER -DSTM32H755xx -c -I../Core/Inc -I../../Drivers/STM32H7xx_HAL_Driver/Inc -I../../Drivers/STM32H7xx_HAL_Driver/Inc/Legacy -I../../Drivers/CMSIS/Device/ST/STM32H7xx/Include -I../../Drivers/CMSIS/Include -O0 -ffunction-sections -fdata-sections -Wall -fstack-usage -fcyclomatic-complexity -MMD -MP -MF"Core/Src/main.d" -MT"Core/Src/main.o" --specs=nano.specs -mfpu=fpv5-d16 -mfloat-abi=hard -mthumb -o "Core/Src/main.o"
arm-none-eabi-gcc -o "stm32H7_ESC_CM7.elf" @"objects.list"   -mcpu=cortex-m7 -T"C:\Users\jesus\STM32CubeIDE\workspace_1.16.0\stm32H7_ESC\CM7\STM32H755ZITX_FLASH.ld" --specs=nosys.specs -Wl,-Map="stm32H7_ESC_CM7.map" -Wl,--gc-sections -static --specs=nano.specs -mfpu=fpv5-d16 -mfloat-abi=hard -mthumb -Wl,--start-group -lc -lm -Wl,--end-group
Finished building target: stm32H7_ESC_CM7.elf
 
arm-none-eabi-size  stm32H7_ESC_CM7.elf 
arm-none-eabi-objdump -h -S stm32H7_ESC_CM7.elf  > "stm32H7_ESC_CM7.list"
   text	   data	    bss	    dec	    hex	filename
  25964	     16	   1872	  27852	   6ccc	stm32H7_ESC_CM7.elf
Finished building: default.size.stdout
 
Finished building: stm32H7_ESC_CM7.list
 

20:33:49 Build Finished. 0 errors, 0 warnings. (took 1s.165ms)

